// Jest Snapshot v1, https://goo.gl/fbAQLP

exports[`Test input functions render input 1`] = `
<div
  className="control column is-four-fifths search-wrapper"
  data-testid="search"
>
  <button
    className="button icon search-btn"
    data-testid="search-btn"
    onClick={[Function]}
  >
    <svg>
      search-vector.svg
    </svg>
  </button>
  <input
    className="input is-large "
    data-testid="search-input"
    onChange={[Function]}
    onKeyDown={[Function]}
    placeholder="search"
    type="text"
    value="something"
  />
</div>
`;
